exports[`test PagesList 1`] = `
<div
  className={undefined}>
  <p
    className={undefined}>
    58f86e06-9f9f-0d56-e05d-4b15f245ca12
  </p>
  <p
    className={undefined}>
    Site pages:
  </p>
  <div
    className={undefined}>
    <div
      className={undefined}
      style={
        Object {
          "fontSize": "64",
        }
      }>
      1. Page 1
    </div>
    <div
      className={undefined}
      style={
        Object {
          "fontSize": "64",
        }
      }>
      2. Page 2
    </div>
  </div>
</div>
`;
